07-12 10:48:27.446   153   198 D GraphicBufferSource: requesting color aspects (R:2(Limited), P:1(BT709_5), M:1(BT709_5), T:3(SMPTE170M))
07-12 10:48:27.449   146   229 W ResourceManagerService: Ignoring request to add new resource entry with value <= 0
07-12 10:48:27.449   153  5458 D SoftAVCEnc: Params width 1080 height 2340 level 50 colorFormat 0
07-12 10:48:27.479  5452  5452 D MPEG4Writer: PreAllocation enabled
07-12 10:48:27.480  1294  1475 E StorageManager: Failed to set extended attributes for /storage/emulated/0/fgs-glm6.mp4 to set project id.: Operation not supported on transport endpoint
07-12 10:48:27.480  1294  1475 W MediaProvider: Failed to update quota type for /storage/emulated/0/fgs-glm6.mp4
07-12 10:48:27.480  1294  1475 W MediaProvider: java.io.IOException: Failed to update quota type for /storage/emulated/0/fgs-glm6.mp4
07-12 10:48:27.480  1294  1475 W MediaProvider: 	at android.os.storage.StorageManager.updateExternalStorageFileQuotaType(StorageManager.java:2618)
07-12 10:48:27.480  1294  1475 W MediaProvider: 	at com.android.providers.media.MediaProvider.updateQuotaTypeForFileInternal(MediaProvider.java:708)
07-12 10:48:27.480  1294  1475 W MediaProvider: 	at com.android.providers.media.MediaProvider.lambda$onFileCreatedForFuse$17(MediaProvider.java:1723)
07-12 10:48:27.480  1294  1475 W MediaProvider: 	at com.android.providers.media.MediaProvider.$r8$lambda$RwX1jyw0H1CYPm6NAX9_DxGu3Co(Unknown Source:0)
07-12 10:48:27.480  1294  1475 W MediaProvider: 	at com.android.providers.media.MediaProvider$$ExternalSyntheticLambda7.run(Unknown Source:4)
07-12 10:48:27.480  1294  1475 W MediaProvider: 	at android.os.Handler.handleCallback(Handler.java:942)
07-12 10:48:27.480  1294  1475 W MediaProvider: 	at android.os.Handler.dispatchMessage(Handler.java:99)
07-12 10:48:27.480  1294  1475 W MediaProvider: 	at android.os.Looper.loopOnce(Looper.java:201)
07-12 10:48:27.480  1294  1475 W MediaProvider: 	at android.os.Looper.loop(Looper.java:288)
07-12 10:48:27.480  1294  1475 W MediaProvider: 	at android.os.HandlerThread.run(HandlerThread.java:67)
07-12 10:48:27.497   153   620 D GraphicBufferSource: got buffer with new dataSpace #104
07-12 10:48:27.497  5452  5456 D ACodec  : dataspace changed to 0x10c10000 (R:2(Limited), P:1(BT709_5), M:1(BT709_5), T:3(SMPTE170M)) (R:2(Limited), S:1(BT709), T:3(SMPTE_170M))
07-12 10:48:27.497  5452  5452 D MPEG4Writer: fpathconf _PC_FILESIZEBITS:64
07-12 10:48:27.497  5452  5452 D MPEG4Writer: File size limit set to 4503599627370495 bytes implicitly
07-12 10:48:27.497  5452  5452 D MPEG4Writer: MP4WtrCtrlHlpLooper Started
07-12 10:48:27.497  5452  5452 I MPEG4Writer: limits: 4503599627370495/0 bytes/us, bit rate: -1 bps and the estimated moov size 3192 bytes
07-12 10:48:27.530  5452  5463 I MPEG4Writer: setStartTimestampUs: 3110773257203
07-12 10:48:27.530  5452  5463 I MPEG4Writer: Earliest track starting time: 3110773257203
07-12 10:48:33.555    91    91 D hwcomposer: VSYNC event status:1
07-12 10:48:33.745    99   170 W TransactionTracing: Could not find layer handle 0x761063c44bf0
07-12 10:48:33.745    99   170 W TransactionTracing: Could not find layer handle 0x761063c3f550
07-12 10:48:33.943    91    91 D hwcomposer: VSYNC event status:0
07-12 10:48:34.013   534   534 D CentralSurfaces: Received new disable state: enaihbcrso.qingr (unchanged)
07-12 10:48:34.215    99   170 W TransactionTracing: Could not find layer handle 0x761063c47530
07-12 10:48:34.228   534   534 D CentralSurfaces: Received new disable state: enaihbcrso.qingr (unchanged)
07-12 10:48:34.359   534   652 D ControlsListingControllerImpl: Unsubscribing callback
07-12 10:48:34.359   534   652 D ControlsListingControllerImpl: Unsubscribing callback
07-12 10:48:34.359   534   652 D ControlsListingControllerImpl: Unsubscribing callback
07-12 10:48:34.361   534   534 W FrameTracker: Missing HWUI jank callback for vsyncId: 17392, CUJ=J<SHADE_EXPAND_COLLAPSE::Collapse>
07-12 10:48:34.362   534   534 W FrameTracker: Missing HWUI jank callback for vsyncId: 17452, CUJ=J<SHADE_EXPAND_COLLAPSE::Collapse>
07-12 10:48:34.362   534   604 V PerfettoTrigger: Triggering /system/bin/trigger_perfetto com.android.telemetry.interaction-jank-monitor-0
07-12 10:48:36.881   254   287 D AutofillManagerService: Close system dialogs
07-12 10:48:36.881   534   534 I vol.VolumeDialogImpl: mDialog.dismiss() reason: volume_controller from: com.android.systemui.volume.VolumeDialogImpl$7.onDismissRequested:2
07-12 10:48:36.882    91    91 D hwcomposer: VSYNC event status:1
07-12 10:48:36.882   254   288 I ActivityTaskManager: START u0 {act=android.intent.action.MAIN cat=[android.intent.category.HOME] flg=0x10000100 cmp=com.android.launcher3/.uioverrides.QuickstepLauncher (has extras)} from uid 0
07-12 10:48:36.883   254   288 E CellBroadcastUtils: getDefaultCellBroadcastReceiverPackageName: no package found
07-12 10:48:36.887   254   287 D AutofillManagerService: Close system dialogs
07-12 10:48:36.888   534   534 I vol.VolumeDialogImpl: mDialog.dismiss() reason: volume_controller from: com.android.systemui.volume.VolumeDialogImpl$7.onDismissRequested:2
07-12 10:48:36.888   534   534 D vol.VolumeDialogImpl: dismissH: skipping dismiss because isAnimatingDismiss is true and showingStateInconsistent is false
07-12 10:48:36.948   254   290 I ActivityManager: Killing 1439:com.android.printspooler/u0a40 (adj 945): empty for 1902s
07-12 10:48:36.948   254   290 I ActivityManager: Killing 1849:com.android.onetimeinitializer/u0a44 (adj 955): empty for 1902s
07-12 10:48:36.949   254   290 I ActivityManager: Killing 1420:com.android.managedprovisioning/u0a12 (adj 955): empty for 1902s
07-12 10:48:36.950   254   290 I ActivityManager: Killing 1747:com.android.dynsystem:dynsystem/1000 (adj 965): empty for 1902s
07-12 10:48:36.954   254   290 I ActivityManager: Killing 1344:com.android.provision/u0a59 (adj 965): empty for 1902s
07-12 10:48:36.955   136   136 I Zygote  : Process 1849 exited due to signal 9 (Killed)
07-12 10:48:36.959   136   136 I Zygote  : Process 1747 exited due to signal 9 (Killed)
07-12 10:48:36.959   254   290 I ActivityManager: Killing 1716:com.android.dynsystem/1000 (adj 975): empty for 1903s
07-12 10:48:36.959   254   290 I ActivityManager: Killing 1497:com.android.deskclock/u0a56 (adj 975): empty for 1903s
07-12 10:48:36.961   136   136 I Zygote  : Process 1439 exited due to signal 9 (Killed)
07-12 10:48:36.968   136   136 I Zygote  : Process 1716 exited due to signal 9 (Killed)
07-12 10:48:36.968   136   136 I Zygote  : Process 1420 exited due to signal 9 (Killed)
07-12 10:48:36.969   136   136 I Zygote  : Process 1497 exited due to signal 9 (Killed)
07-12 10:48:36.970   136   136 I Zygote  : Process 1344 exited due to signal 9 (Killed)
07-12 10:48:37.277    91    91 D hwcomposer: VSYNC event status:0
07-12 10:48:37.612   534  3998 D PowerUI : can't show warning due to - plugged: true status unknown: false
07-12 10:48:41.116   534   534 W OnBackInvokedCallback: OnBackInvokedCallback is not enabled for the application.
07-12 10:48:41.116   534   534 W OnBackInvokedCallback: Set 'android:enableOnBackInvokedCallback="true"' in the application manifest.
07-12 10:48:41.117   534   534 D CentralSurfaces: Received new disable state: enaihbcrso.qingr (unchanged)
07-12 10:48:41.148   534   733 E GraphicBufferAllocator: Failed to allocate (4 x 4) layerCount 1 format 43 usage b00: 3
07-12 10:48:41.148   534   733 E AHardwareBuffer: GraphicBuffer(w=4, h=4, lc=1) failed (Unknown error -3), handle=0x0
07-12 10:48:41.148   534   733 E GraphicBufferAllocator: Failed to allocate (4 x 4) layerCount 1 format 56 usage b00: 3
07-12 10:48:41.148   534   733 E AHardwareBuffer: GraphicBuffer(w=4, h=4, lc=1) failed (Unknown error -3), handle=0x0
07-12 10:48:41.148   534   733 E GraphicBufferAllocator: Failed to allocate (4 x 4) layerCount 1 format 43 usage b00: 3
07-12 10:48:41.148   534   733 E AHardwareBuffer: GraphicBuffer(w=4, h=4, lc=1) failed (Unknown error -3), handle=0x0
07-12 10:48:41.148   534   733 E GraphicBufferAllocator: Failed to allocate (4 x 4) layerCount 1 format 56 usage b00: 3
07-12 10:48:41.148   534   733 E AHardwareBuffer: GraphicBuffer(w=4, h=4, lc=1) failed (Unknown error -3), handle=0x0
07-12 10:48:41.172   534   733 E OpenGLRenderer: Unable to match the desired swap behavior.
07-12 10:48:41.207   254  2482 D SystemServerTiming: getUserSwitchability-0
07-12 10:48:41.207   254  2482 D SystemServerTiming: TM.isInCall
07-12 10:48:41.207   254  2482 V SystemServerTiming: TM.isInCall took to complete: 0ms
07-12 10:48:41.208   254  2482 D SystemServerTiming: hasUserRestriction-DISALLOW_USER_SWITCH
07-12 10:48:41.208   254  2482 V SystemServerTiming: hasUserRestriction-DISALLOW_USER_SWITCH took to complete: 0ms
07-12 10:48:41.208   254  2482 D SystemServerTiming: getInt-ALLOW_USER_SWITCHING_WHEN_SYSTEM_USER_LOCKED
07-12 10:48:41.208   254  2482 V SystemServerTiming: getInt-ALLOW_USER_SWITCHING_WHEN_SYSTEM_USER_LOCKED took to complete: 0ms
07-12 10:48:41.208   254  2482 D SystemServerTiming: isUserUnlocked-USER_SYSTEM
07-12 10:48:41.208   254  2482 V SystemServerTiming: isUserUnlocked-USER_SYSTEM took to complete: 0ms
07-12 10:48:41.208   254  2482 V SystemServerTiming: getUserSwitchability-0 took to complete: 0ms
07-12 10:48:41.208   254   284 D SystemServerTiming: getUserSwitchability-0
07-12 10:48:41.208   254   284 D SystemServerTiming: TM.isInCall
07-12 10:48:41.208   254   284 V SystemServerTiming: TM.isInCall took to complete: 0ms
07-12 10:48:41.208   254   284 D SystemServerTiming: hasUserRestriction-DISALLOW_USER_SWITCH
07-12 10:48:41.208   254   284 V SystemServerTiming: hasUserRestriction-DISALLOW_USER_SWITCH took to complete: 0ms
07-12 10:48:41.208   254   284 D SystemServerTiming: getInt-ALLOW_USER_SWITCHING_WHEN_SYSTEM_USER_LOCKED
07-12 10:48:41.208   254   284 V SystemServerTiming: getInt-ALLOW_USER_SWITCHING_WHEN_SYSTEM_USER_LOCKED took to complete: 0ms
07-12 10:48:41.208   254   284 D SystemServerTiming: isUserUnlocked-USER_SYSTEM
07-12 10:48:41.208   254   284 V SystemServerTiming: isUserUnlocked-USER_SYSTEM took to complete: 0ms
07-12 10:48:41.208   254   284 V SystemServerTiming: getUserSwitchability-0 took to complete: 0ms
07-12 10:48:41.214   534   534 I QAWController: Re-creating the QAW client to avoid stale.
07-12 10:48:41.232   534   652 E QuickAccessWalletKeyguardQuickAffordanceConfig: Wallet card retrieval error, message: "null"
07-12 10:48:41.246   534   652 D ControlsListingControllerImpl: Subscribing callback, service count: 0
07-12 10:48:41.276   534   652 E QuickAccessWalletKeyguardQuickAffordanceConfig: Wallet card retrieval error, message: "null"
07-12 10:48:41.277   534   652 D ControlsListingControllerImpl: Subscribing callback, service count: 0
07-12 10:48:41.279   534   534 D CentralSurfaces: Received new disable state: enaihbcrso.qingr (unchanged)
07-12 10:48:41.310   534   652 E QuickAccessWalletKeyguardQuickAffordanceConfig: Wallet card retrieval error, message: "null"
07-12 10:48:41.310   534   652 D ControlsListingControllerImpl: Subscribing callback, service count: 0
07-12 10:48:42.294   534   534 W FrameTracker: Missing HWUI jank callback for vsyncId: 18053, CUJ=J<SHADE_EXPAND_COLLAPSE::Expand>
07-12 10:48:42.294   534   534 W FrameTracker: Missing HWUI jank callback for vsyncId: 18075, CUJ=J<SHADE_EXPAND_COLLAPSE::Expand>
07-12 10:48:42.294   534   534 W FrameTracker: Missing HWUI jank callback for vsyncId: 18094, CUJ=J<SHADE_EXPAND_COLLAPSE::Expand>
07-12 10:48:42.294   534   534 W FrameTracker: Missing HWUI jank callback for vsyncId: 18245, CUJ=J<SHADE_EXPAND_COLLAPSE::Expand>
07-12 10:48:42.294   534   604 V PerfettoTrigger: Not triggering com.android.telemetry.interaction-jank-monitor-0 - not enough time since last trigger
07-12 10:48:46.765   534   534 D CentralSurfaces: Received new disable state: enaihbcrso.qingr (unchanged)
07-12 10:48:46.959    99   170 W TransactionTracing: Could not find layer handle 0x761063c453d0
07-12 10:48:46.974   534   534 D CentralSurfaces: Received new disable state: enaihbcrso.qingr (unchanged)
07-12 10:48:47.013   534   534 W OnBackInvokedCallback: OnBackInvokedCallback is not enabled for the application.
07-12 10:48:47.013   534   534 W OnBackInvokedCallback: Set 'android:enableOnBackInvokedCallback="true"' in the application manifest.
07-12 10:48:47.013   534   534 D CentralSurfaces: Received new disable state: enaihbcrso.qingr (unchanged)
07-12 10:48:47.084   534   534 D CentralSurfaces: Received new disable state: enaihbcrso.qingr (unchanged)
07-12 10:48:47.085   534   534 D CentralSurfaces: Received new disable state: enaihbcrso.qingr (unchanged)
07-12 10:48:47.089   534   534 W OnBackInvokedCallback: OnBackInvokedCallback is not enabled for the application.
07-12 10:48:47.089   534   534 W OnBackInvokedCallback: Set 'android:enableOnBackInvokedCallback="true"' in the application manifest.
07-12 10:48:47.090   534   534 D CentralSurfaces: Received new disable state: enaihbcrso.qingr (unchanged)
07-12 10:48:47.261    99   170 W TransactionTracing: Could not find layer handle 0x761063c437b0
07-12 10:48:47.601   534   534 W FrameTracker: Missing HWUI jank callback for vsyncId: 18808, CUJ=J<SHADE_EXPAND_COLLAPSE::Collapse>
07-12 10:48:47.601   534   534 W FrameTracker: Missing HWUI jank callback for vsyncId: 18912, CUJ=J<SHADE_EXPAND_COLLAPSE::Collapse>
07-12 10:48:47.601   534   604 V PerfettoTrigger: Not triggering com.android.telemetry.interaction-jank-monitor-0 - not enough time since last trigger
07-12 10:48:48.160   534   534 W FrameTracker: Missing HWUI jank callback for vsyncId: 18970, CUJ=J<SHADE_EXPAND_COLLAPSE::Expand>
07-12 10:48:48.160   534   534 W FrameTracker: Missing HWUI jank callback for vsyncId: 19014, CUJ=J<SHADE_EXPAND_COLLAPSE::Expand>
07-12 10:48:48.160   534   534 W FrameTracker: Missing HWUI jank callback for vsyncId: 19081, CUJ=J<SHADE_EXPAND_COLLAPSE::Expand>
07-12 10:48:48.160   534   604 V PerfettoTrigger: Not triggering com.android.telemetry.interaction-jank-monitor-0 - not enough time since last trigger
07-12 10:48:53.951  5452  5464 I MPEG4Writer: setStartTimestampUs: 3110773257203
07-12 10:48:53.952  5452  5465 I MPEG4Writer: setStartTimestampUs: 3110773257203
07-12 10:48:53.956  5452  5452 D MPEG4Writer: reset()
07-12 10:48:53.956  5452  5464 V MediaWriter: Track event err/info msg:101, trackId:2, type:1000,val:-1011
07-12 10:48:53.956  5452  5452 D MPEG4Writer: Video track stopping. Stop source
07-12 10:48:53.956  5452  5452 D MPEG4Writer: Video track source stopping
07-12 10:48:53.956  5452  5452 D MPEG4Writer: Video track source stopped
07-12 10:48:53.956  5452  5463 V MediaWriter: Track event err/info msg:101, trackId:1, type:1000,val:-1011
07-12 10:48:53.956  5452  5463 I MPEG4Writer: Received total/0-length (110/0) buffers and encoded 110 frames. - Video
07-12 10:48:53.956  5452  5465 V MediaWriter: Track event err/info msg:101, trackId:3, type:1000,val:-1011
07-12 10:48:53.956  5452  5465 W MPEG4Writer: 0-duration samples found: 1
07-12 10:48:53.956  5452  5464 W MPEG4Writer: 0-duration samples found: 1
07-12 10:48:53.956  5452  5465 I MPEG4Writer: Received total/0-length (1/0) buffers and encoded 1 frames. - Metadata
07-12 10:48:53.956  5452  5452 D MPEG4Writer: Video track stopped. Status:0. Stop source
07-12 10:48:53.956  5452  5452 D MPEG4Writer: Metadata track stopping. Stop source
07-12 10:48:53.956  5452  5452 D MPEG4Writer: Metadata track source stopping
07-12 10:48:53.956  5452  5452 D MPEG4Writer: Metadata track source stopped
07-12 10:48:53.956  5452  5464 I MPEG4Writer: Received total/0-length (1/0) buffers and encoded 1 frames. - Metadata
07-12 10:48:53.956  5452  5452 D MPEG4Writer: Metadata track stopped. Status:0. Stop source
07-12 10:48:53.956  5452  5452 D MPEG4Writer: Metadata track stopping. Stop source
07-12 10:48:53.956  5452  5452 D MPEG4Writer: Metadata track source stopping
07-12 10:48:53.956  5452  5452 D MPEG4Writer: Metadata track source stopped
07-12 10:48:53.956  5452  5452 D MPEG4Writer: Metadata track stopped. Status:0. Stop source
07-12 10:48:53.956  5452  5452 D MPEG4Writer: Duration from tracks range is [0, 23581565] us
07-12 10:48:53.956  5452  5461 D MPEG4Writer: 0 chunks are written in the last batch
07-12 10:48:53.956  5452  5452 D MPEG4Writer: WriterThread stopped. Status:0
07-12 10:48:53.956  5452  5452 I MPEG4Writer: Adjust the moov start time from 3110773257203 us -> 3110773257203 us
07-12 10:48:53.956  5452  5452 I MPEG4Writer: MOOV atom was written to the file
07-12 10:48:53.956  5452  5452 D MPEG4Writer: release()
07-12 10:48:53.956  5452  5452 D MPEG4Writer: ftruncate mPreAllocateFileEndOffset:3465398 mOffset:3021 mMdatEndOffset:3460970 diff:4428
07-12 10:48:53.969  5452  5452 D MPEG4Writer: final fsync() takes 13 ms, file size 3460970
07-12 10:48:53.969  5452  5452 D MPEG4Writer: MP4WtrCtrlHlpLooper stopped
07-12 10:48:53.969  5452  5452 D MPEG4Writer: Top 5 write durations(microseconds): #1:7573 #2:7998 #3:24029 #4:62947 #5:119958
07-12 10:48:53.970  5452  5452 D MediaCodec: flushMediametrics
07-12 10:48:53.988  1294  1688 I MediaProvider: Begin Intent { act=android.intent.action.MEDIA_SCANNER_SCAN_FILE dat=file:///... flg=0x1400010 cmp=com.android.providers.media.module/com.android.providers.media.MediaService }
07-12 10:48:53.988  5452  5452 D ScreenRecord: success
07-12 10:48:53.989  5452  5452 I BpBinder: onLastStrongRef automatically unlinking death recipients: <uncached descriptor>
07-12 10:48:53.990  5452  5452 I BpBinder: onLastStrongRef automatically unlinking death recipients: <uncached descriptor>
07-12 10:48:53.991  5452  5452 I hw-BpHwBinder: onLastStrongRef automatically unlinking death recipients
07-12 10:48:53.997  1294  1688 E SchedPolicy: Failed to find cpu cgroup for tid 1688
07-12 10:48:54.005  1294  1688 E SchedPolicy: Failed to find cpu cgroup for tid 1688
07-12 10:48:54.005  1294  1688 E SchedPolicy: Failed to find cpu cgroup for tid 1688
07-12 10:48:54.005  1294  1688 E SchedPolicy: Failed to find cpu cgroup for tid 1688
07-12 10:48:54.005  1294  1688 E SchedPolicy: Failed to find cpu cgroup for tid 1688
07-12 10:48:54.006  1294  1688 E SchedPolicy: Failed to find cpu cgroup for tid 1688
07-12 10:48:54.006  1294  1688 E SchedPolicy: Failed to find cpu cgroup for tid 1688
07-12 10:48:54.006  1294  1688 E SchedPolicy: Failed to find cpu cgroup for tid 1688
07-12 10:48:54.006  1294  1688 E SchedPolicy: Failed to find cpu cgroup for tid 1688
07-12 10:48:54.006  1294  1688 E SchedPolicy: Failed to find cpu cgroup for tid 1688
07-12 10:48:54.006  1294  1688 E SchedPolicy: Failed to find cpu cgroup for tid 1688
07-12 10:48:54.006  1294  1688 E SchedPolicy: Failed to find cpu cgroup for tid 1688
07-12 10:48:54.006  1294  1688 E SchedPolicy: Failed to find cpu cgroup for tid 1688
07-12 10:48:54.006  1294  1688 E SchedPolicy: Failed to find cpu cgroup for tid 1688
07-12 10:48:54.006  1294  1688 E SchedPolicy: Failed to find cpu cgroup for tid 1688
07-12 10:48:54.006  1294  1688 E SchedPolicy: Failed to find cpu cgroup for tid 1688
07-12 10:48:54.007  1294  1688 E SchedPolicy: Failed to find cpu cgroup for tid 1688
07-12 10:48:54.007  1294  1688 E SchedPolicy: Failed to find cpu cgroup for tid 1688
07-12 10:48:54.007  1294  1688 E SchedPolicy: Failed to find cpu cgroup for tid 1688
07-12 10:48:54.007  1294  1688 E SchedPolicy: Failed to find cpu cgroup for tid 1688
07-12 10:48:54.007  1294  1688 E SchedPolicy: Failed to find cpu cgroup for tid 1688
07-12 10:48:54.007  1294  1688 E SchedPolicy: Failed to find cpu cgroup for tid 1688
07-12 10:48:54.007  1294  1688 E SchedPolicy: Failed to find cpu cgroup for tid 1688
07-12 10:48:54.007  1294  1688 E SchedPolicy: Failed to find cpu cgroup for tid 1688
07-12 10:48:54.007  1294  1688 E SchedPolicy: Failed to find cpu cgroup for tid 1688
07-12 10:48:54.007  1294  1688 E SchedPolicy: Failed to find cpu cgroup for tid 1688
07-12 10:48:54.007  1294  1688 E SchedPolicy: Failed to find cpu cgroup for tid 1688
07-12 10:48:54.007  1294  1688 E SchedPolicy: Failed to find cpu cgroup for tid 1688
07-12 10:48:54.008  1294  1688 E SchedPolicy: Failed to find cpu cgroup for tid 1688
07-12 10:48:54.009  1294  1688 W MediaProvider: isAppCloneUserPair for user 0: false
07-12 10:48:54.009  1294  1688 V MediaProvider: Inserted id:1000000022 less than next row id backup:1000001000.
07-12 10:48:54.013  1294  1688 I MediaProvider: End Intent { act=android.intent.action.MEDIA_SCANNER_SCAN_FILE dat=file:///... flg=0x1400010 cmp=com.android.providers.media.module/com.android.providers.media.MediaService }
07-12 10:48:54.013  1294  1475 E StorageManager: Failed to set extended attributes for /storage/emulated/0/fgs-glm6.mp4 to set project id.: Operation not supported on transport endpoint
07-12 10:48:54.013  1294  1475 W MediaProvider: Failed to update quota type for /storage/emulated/0/fgs-glm6.mp4
07-12 10:48:54.013  1294  1475 W MediaProvider: java.io.IOException: Failed to update quota type for /storage/emulated/0/fgs-glm6.mp4
07-12 10:48:54.013  1294  1475 W MediaProvider: 	at android.os.storage.StorageManager.updateExternalStorageFileQuotaType(StorageManager.java:2618)
07-12 10:48:54.013  1294  1475 W MediaProvider: 	at com.android.providers.media.MediaProvider.updateQuotaTypeForFileInternal(MediaProvider.java:708)
07-12 10:48:54.013  1294  1475 W MediaProvider: 	at com.android.providers.media.MediaProvider.updateQuotaTypeForUri(MediaProvider.java:690)
07-12 10:48:54.013  1294  1475 W MediaProvider: 	at com.android.providers.media.MediaProvider.-$$Nest$mupdateQuotaTypeForUri(Unknown Source:0)
07-12 10:48:54.013  1294  1475 W MediaProvider: 	at com.android.providers.media.MediaProvider$4.lambda$onInsert$0(MediaProvider.java:743)
07-12 10:48:54.013  1294  1475 W MediaProvider: 	at com.android.providers.media.MediaProvider$4.$r8$lambda$DnIEye5Sx8fODP4Bt_qvKpm3U-Q(Unknown Source:0)
07-12 10:48:54.013  1294  1475 W MediaProvider: 	at com.android.providers.media.MediaProvider$4$$ExternalSyntheticLambda0.run(Unknown Source:6)
07-12 10:48:54.013  1294  1475 W MediaProvider: 	at android.os.Handler.handleCallback(Handler.java:942)
07-12 10:48:54.013  1294  1475 W MediaProvider: 	at android.os.Handler.dispatchMessage(Handler.java:99)
07-12 10:48:54.013  1294  1475 W MediaProvider: 	at android.os.Looper.loopOnce(Looper.java:201)
07-12 10:48:54.013  1294  1475 W MediaProvider: 	at android.os.Looper.loop(Looper.java:288)
07-12 10:48:54.013  1294  1475 W MediaProvider: 	at android.os.HandlerThread.run(HandlerThread.java:67)
